Component: Arm Compiler for Embedded 6.19 Tool: armlink [5e73cb00]

==============================================================================

Section Cross References

    snakegame.o(snake) refers to snakegame.o(defs) for DRAW_RECTANGLE_FILLED
    snakegame.o(snake) refers to snakegame.o(MYDATA) for SNAKE_HEALTH
    mainmenu.o(snake) refers to mainmenu.o(defs) for DRAW_RECTANGLE_FILLED
    mainmenu.o(snake) refers to mainmenu.o(MYDATA) for SNAKE_HEALTH
    mainmenu.o(dwarf) refers to mainmenu.o(defs) for DRAW_RECTANGLE_FILLED
    mainmenu.o(dwarf) refers to mainmenu.o(MYDATA) for DWARF_LOCATION
    mainmenu.o(dwarf) refers to mainmenu.o(snake) for DRAW_SNAKE_GAME_OVER
    mainmenu.o(MainMenu) refers to mainmenu.o(defs) for DRAW_RECTANGLE_FILLED
    mainmenu.o(MainMenu) refers to mainmenu.o(MYDATA) for MENU_BACKGROUND
    mainmenu.o(MainMenu) refers to mainmenu.o(snake) for DRAW_SNAKE_SPEEDUP
    mainmenu.o(MainMenu) refers to mainmenu.o(dwarf) for MAIN_DWARF
    dwarfgame.o(snake) refers to dwarfgame.o(defs) for DRAW_RECTANGLE_FILLED
    dwarfgame.o(snake) refers to dwarfgame.o(MYDATA) for SNAKE_HEALTH
    dwarfgame.o(dwarf) refers to dwarfgame.o(defs) for DRAW_RECTANGLE_FILLED
    dwarfgame.o(dwarf) refers to dwarfgame.o(MYDATA) for DWARF_LOCATION
    dwarfgame.o(dwarf) refers to dwarfgame.o(snake) for DRAW_SNAKE_GAME_OVER
    startup_stm32f10x_md.o(STACK) refers (Special) to heapauxi.o(.text) for __use_two_region_memory
    startup_stm32f10x_md.o(HEAP) refers (Special) to heapauxi.o(.text) for __use_two_region_memory
    startup_stm32f10x_md.o(RESET) refers (Special) to heapauxi.o(.text) for __use_two_region_memory
    startup_stm32f10x_md.o(RESET) refers to startup_stm32f10x_md.o(STACK) for __initial_sp
    startup_stm32f10x_md.o(RESET) refers to startup_stm32f10x_md.o(.text) for Reset_Handler
    startup_stm32f10x_md.o(.text) refers (Special) to heapauxi.o(.text) for __use_two_region_memory
    startup_stm32f10x_md.o(.text) refers to system_stm32f10x.o(.text.SystemInit) for SystemInit
    startup_stm32f10x_md.o(.text) refers to mainmenu.o(MainMenu) for __main
    startup_stm32f10x_md.o(.text) refers to startup_stm32f10x_md.o(HEAP) for Heap_Mem
    startup_stm32f10x_md.o(.text) refers to startup_stm32f10x_md.o(STACK) for Stack_Mem
    system_stm32f10x.o(.text.SystemInit) refers to system_stm32f10x.o(.text.SetSysClock) for SetSysClock
    system_stm32f10x.o(.ARM.exidx.text.SystemInit) refers to system_stm32f10x.o(.text.SystemInit) for [Anonymous Symbol]
    system_stm32f10x.o(.text.SetSysClock) refers to system_stm32f10x.o(.text.SetSysClockTo72) for SetSysClockTo72
    system_stm32f10x.o(.ARM.exidx.text.SetSysClock) refers to system_stm32f10x.o(.text.SetSysClock) for [Anonymous Symbol]
    system_stm32f10x.o(.text.SystemCoreClockUpdate) refers to system_stm32f10x.o(.data.SystemCoreClock) for SystemCoreClock
    system_stm32f10x.o(.text.SystemCoreClockUpdate) refers to system_stm32f10x.o(.rodata.AHBPrescTable) for AHBPrescTable
    system_stm32f10x.o(.ARM.exidx.text.SystemCoreClockUpdate) refers to system_stm32f10x.o(.text.SystemCoreClockUpdate) for [Anonymous Symbol]
    system_stm32f10x.o(.ARM.exidx.text.SetSysClockTo72) refers to system_stm32f10x.o(.text.SetSysClockTo72) for [Anonymous Symbol]


==============================================================================

Removing Unused input sections from the image.

    Removing snakegame.o(MYDATA), (176 bytes).
    Removing snakegame.o(defs), (864 bytes).
    Removing snakegame.o(snake), (4408 bytes).
    Removing definitions.o(MYDATA), (220 bytes).
    Removing definitions.o(defs), (888 bytes).
    Removing dwarfgame.o(MYDATA), (220 bytes).
    Removing dwarfgame.o(defs), (888 bytes).
    Removing dwarfgame.o(snake), (4408 bytes).
    Removing dwarfgame.o(dwarf), (4448 bytes).
    Removing system_stm32f10x.o(.text), (0 bytes).
    Removing system_stm32f10x.o(.ARM.exidx.text.SystemInit), (8 bytes).
    Removing system_stm32f10x.o(.ARM.exidx.text.SetSysClock), (8 bytes).
    Removing system_stm32f10x.o(.text.SystemCoreClockUpdate), (290 bytes).
    Removing system_stm32f10x.o(.ARM.exidx.text.SystemCoreClockUpdate), (8 bytes).
    Removing system_stm32f10x.o(.ARM.exidx.text.SetSysClockTo72), (8 bytes).
    Removing system_stm32f10x.o(.data.SystemCoreClock), (4 bytes).
    Removing system_stm32f10x.o(.rodata.AHBPrescTable), (16 bytes).

17 unused section(s) (total 16862 bytes) removed from the image.

==============================================================================

Image Symbol Table

    Local Symbols

    Symbol Name                              Value     Ov Type        Size  Object(Section)

    ../clib/heapaux.c                        0x00000000   Number         0  heapauxi.o ABSOLUTE
    Definitions.s                            0x00000000   Number         0  definitions.o ABSOLUTE
    MainMenu.s                               0x00000000   Number         0  mainmenu.o ABSOLUTE
    RTE/Device/STM32F103C8/startup_stm32f10x_md.s 0x00000000   Number         0  startup_stm32f10x_md.o ABSOLUTE
    dc.s                                     0x00000000   Number         0  dc.o ABSOLUTE
    dwarfgame.s                              0x00000000   Number         0  dwarfgame.o ABSOLUTE
    snakegame.s                              0x00000000   Number         0  snakegame.o ABSOLUTE
    system_stm32f10x.c                       0x00000000   Number         0  system_stm32f10x.o ABSOLUTE
    RESET                                    0x08000000   Section      236  startup_stm32f10x_md.o(RESET)
    .text                                    0x080000ec   Section       64  startup_stm32f10x_md.o(.text)
    .text                                    0x0800012c   Section        0  heapauxi.o(.text)
    SetSysClock                              0x08000135   Thumb Code     8  system_stm32f10x.o(.text.SetSysClock)
    [Anonymous Symbol]                       0x08000134   Section        0  system_stm32f10x.o(.text.SetSysClock)
    SetSysClockTo72                          0x0800013d   Thumb Code   290  system_stm32f10x.o(.text.SetSysClockTo72)
    [Anonymous Symbol]                       0x0800013c   Section        0  system_stm32f10x.o(.text.SetSysClockTo72)
    [Anonymous Symbol]                       0x08000260   Section        0  system_stm32f10x.o(.text.SystemInit)
    MainMenu                                 0x080002c8   Section     2288  mainmenu.o(MainMenu)
    defs                                     0x08000bb8   Section      888  mainmenu.o(defs)
    SETUP                                    0x08000d71   Thumb Code     0  mainmenu.o(defs)
    DRAW_RECTANGLE_FILLED                    0x08000de1   Thumb Code     0  mainmenu.o(defs)
    delay_1_second                           0x08000e9d   Thumb Code     0  mainmenu.o(defs)
    delay_half_second                        0x08000eb3   Thumb Code     0  mainmenu.o(defs)
    delay_50_milli_second                    0x08000ef5   Thumb Code     0  mainmenu.o(defs)
    delay_10_milli_second                    0x08000f0d   Thumb Code     0  mainmenu.o(defs)
    dwarf                                    0x08000f30   Section     4448  mainmenu.o(dwarf)
    MAIN_DWARF                               0x08001f31   Thumb Code   328  mainmenu.o(dwarf)
    snake                                    0x08002090   Section     4408  mainmenu.o(snake)
    DRAW_SNAKE_POWERUP                       0x080021df   Thumb Code     0  mainmenu.o(snake)
    DRAW_SNAKE_INVERT                        0x0800222f   Thumb Code     0  mainmenu.o(snake)
    DRAW_SNAKE_SPEEDDOWN                     0x08002287   Thumb Code     0  mainmenu.o(snake)
    DRAW_SNAKE_SHIELD                        0x08002303   Thumb Code     0  mainmenu.o(snake)
    DRAW_SNAKE_SPEEDUP                       0x080023b7   Thumb Code     0  mainmenu.o(snake)
    DRAW_SNAKE_LIFE                          0x08002433   Thumb Code     0  mainmenu.o(snake)
    DRAW_SNAKE_GAME_OVER                     0x08002959   Thumb Code     0  mainmenu.o(snake)
    UPDATE_HEAD                              0x08002ce9   Thumb Code   316  mainmenu.o(snake)
    UPDATE_TAIL                              0x08002e25   Thumb Code   146  mainmenu.o(snake)
    TRACE_MOVEMENT                           0x08002eb7   Thumb Code   172  mainmenu.o(snake)
    DRAWBLOCK                                0x08002f63   Thumb Code    28  mainmenu.o(snake)
    DRAWTAIL                                 0x08002f7f   Thumb Code    28  mainmenu.o(snake)
    DRAWHEAD_SIMPLE                          0x08002f9b   Thumb Code    28  mainmenu.o(snake)
    CLEAR_CELL                               0x08002fb7   Thumb Code    28  mainmenu.o(snake)
    GET_BUTTON                               0x08002fd3   Thumb Code    88  mainmenu.o(snake)
    UPDATE_DIRECTION                         0x0800302b   Thumb Code   144  mainmenu.o(snake)
    MAIN_SNAKE                               0x080030bb   Thumb Code   208  mainmenu.o(snake)
    MENU_BACKGROUND                          0x20000000   Data           2  mainmenu.o(MYDATA)
    MYDATA                                   0x20000000   Section      220  mainmenu.o(MYDATA)
    MENU_LETTER_COLOR                        0x20000002   Data           2  mainmenu.o(MYDATA)
    SNAKE_DIRECTIONS                         0x2000000c   Data          20  mainmenu.o(MYDATA)
    SNAKE_HEAD_X                             0x20000070   Data           4  mainmenu.o(MYDATA)
    SNAKE_HEAD_Y                             0x20000074   Data           4  mainmenu.o(MYDATA)
    SNAKE_TAIL_X                             0x20000078   Data           4  mainmenu.o(MYDATA)
    SNAKE_TAIL_Y                             0x2000007c   Data           4  mainmenu.o(MYDATA)
    SNAKE_LENGTH                             0x20000080   Data           4  mainmenu.o(MYDATA)
    SNAKE_HP                                 0x20000084   Data           4  mainmenu.o(MYDATA)
    SNAKE_TP                                 0x20000088   Data           4  mainmenu.o(MYDATA)
    SNAKE_HEALTH                             0x2000008c   Data           2  mainmenu.o(MYDATA)
    APPLE_X                                  0x20000090   Data           4  mainmenu.o(MYDATA)
    APPLE_Y                                  0x20000094   Data           4  mainmenu.o(MYDATA)
    IS_EATEN                                 0x20000098   Data           4  mainmenu.o(MYDATA)
    SNAKE_ENDPTR                             0x2000009c   Data           4  mainmenu.o(MYDATA)
    HEAD_DIRECTION                           0x200000a0   Data           4  mainmenu.o(MYDATA)
    BUTTON_PRESSED                           0x200000a4   Data           4  mainmenu.o(MYDATA)
    INVISIBLE_X                              0x200000aa   Data           2  mainmenu.o(MYDATA)
    INVISIBLE_Y_UP                           0x200000ac   Data           2  mainmenu.o(MYDATA)
    INVISIBLE_Y_DOWN                         0x200000ae   Data           2  mainmenu.o(MYDATA)
    BULLET_LOCATIONS                         0x200000b0   Data          10  mainmenu.o(MYDATA)
    BULLET_Y_LOCATIONS                       0x200000ba   Data          10  mainmenu.o(MYDATA)
    DWARF_LOCATION                           0x200000c4   Data           6  mainmenu.o(MYDATA)
    OBSTACLE_DIRECTION                       0x200000ca   Data           8  mainmenu.o(MYDATA)
    OBSTACLE_HEIGHT                          0x200000d2   Data           8  mainmenu.o(MYDATA)
    Heap_Mem                                 0x200000e0   Data         512  startup_stm32f10x_md.o(HEAP)
    HEAP                                     0x200000e0   Section      512  startup_stm32f10x_md.o(HEAP)
    Stack_Mem                                0x200002e0   Data        1024  startup_stm32f10x_md.o(STACK)
    STACK                                    0x200002e0   Section     1024  startup_stm32f10x_md.o(STACK)
    __initial_sp                             0x200006e0   Data           0  startup_stm32f10x_md.o(STACK)

    Global Symbols

    Symbol Name                              Value     Ov Type        Size  Object(Section)

    BuildAttributes$$THM_ISAv4$P$D$K$B$S$PE$A:L22UL41UL21$X:L11$S22US41US21$IEEE1$IW$~IW$USESV6$~STKCKD$USESV7$~SHL$OSPACE$ROPI$EBA8$STANDARDLIB$REQ8$EABIv2 0x00000000   Number         0  anon$$obj.o ABSOLUTE
    __Vectors_Size                           0x000000ec   Number         0  startup_stm32f10x_md.o ABSOLUTE
    __Vectors                                0x08000000   Data           4  startup_stm32f10x_md.o(RESET)
    Reset_Handler                            0x080000ed   Thumb Code     8  startup_stm32f10x_md.o(.text)
    __Vectors_End                            0x080000ec   Data           0  startup_stm32f10x_md.o(RESET)
    NMI_Handler                              0x080000f5   Thumb Code     2  startup_stm32f10x_md.o(.text)
    HardFault_Handler                        0x080000f7   Thumb Code     2  startup_stm32f10x_md.o(.text)
    MemManage_Handler                        0x080000f9   Thumb Code     2  startup_stm32f10x_md.o(.text)
    BusFault_Handler                         0x080000fb   Thumb Code     2  startup_stm32f10x_md.o(.text)
    UsageFault_Handler                       0x080000fd   Thumb Code     2  startup_stm32f10x_md.o(.text)
    SVC_Handler                              0x080000ff   Thumb Code     2  startup_stm32f10x_md.o(.text)
    DebugMon_Handler                         0x08000101   Thumb Code     2  startup_stm32f10x_md.o(.text)
    PendSV_Handler                           0x08000103   Thumb Code     2  startup_stm32f10x_md.o(.text)
    SysTick_Handler                          0x08000105   Thumb Code     2  startup_stm32f10x_md.o(.text)
    ADC1_2_IRQHandler                        0x08000107   Thumb Code     0  startup_stm32f10x_md.o(.text)
    CAN1_RX1_IRQHandler                      0x08000107   Thumb Code     0  startup_stm32f10x_md.o(.text)
    CAN1_SCE_IRQHandler                      0x08000107   Thumb Code     0  startup_stm32f10x_md.o(.text)
    DMA1_Channel1_IRQHandler                 0x08000107   Thumb Code     0  startup_stm32f10x_md.o(.text)
    DMA1_Channel2_IRQHandler                 0x08000107   Thumb Code     0  startup_stm32f10x_md.o(.text)
    DMA1_Channel3_IRQHandler                 0x08000107   Thumb Code     0  startup_stm32f10x_md.o(.text)
    DMA1_Channel4_IRQHandler                 0x08000107   Thumb Code     0  startup_stm32f10x_md.o(.text)
    DMA1_Channel5_IRQHandler                 0x08000107   Thumb Code     0  startup_stm32f10x_md.o(.text)
    DMA1_Channel6_IRQHandler                 0x08000107   Thumb Code     0  startup_stm32f10x_md.o(.text)
    DMA1_Channel7_IRQHandler                 0x08000107   Thumb Code     0  startup_stm32f10x_md.o(.text)
    EXTI0_IRQHandler                         0x08000107   Thumb Code     0  startup_stm32f10x_md.o(.text)
    EXTI15_10_IRQHandler                     0x08000107   Thumb Code     0  startup_stm32f10x_md.o(.text)
    EXTI1_IRQHandler                         0x08000107   Thumb Code     0  startup_stm32f10x_md.o(.text)
    EXTI2_IRQHandler                         0x08000107   Thumb Code     0  startup_stm32f10x_md.o(.text)
    EXTI3_IRQHandler                         0x08000107   Thumb Code     0  startup_stm32f10x_md.o(.text)
    EXTI4_IRQHandler                         0x08000107   Thumb Code     0  startup_stm32f10x_md.o(.text)
    EXTI9_5_IRQHandler                       0x08000107   Thumb Code     0  startup_stm32f10x_md.o(.text)
    FLASH_IRQHandler                         0x08000107   Thumb Code     0  startup_stm32f10x_md.o(.text)
    I2C1_ER_IRQHandler                       0x08000107   Thumb Code     0  startup_stm32f10x_md.o(.text)
    I2C1_EV_IRQHandler                       0x08000107   Thumb Code     0  startup_stm32f10x_md.o(.text)
    I2C2_ER_IRQHandler                       0x08000107   Thumb Code     0  startup_stm32f10x_md.o(.text)
    I2C2_EV_IRQHandler                       0x08000107   Thumb Code     0  startup_stm32f10x_md.o(.text)
    PVD_IRQHandler                           0x08000107   Thumb Code     0  startup_stm32f10x_md.o(.text)
    RCC_IRQHandler                           0x08000107   Thumb Code     0  startup_stm32f10x_md.o(.text)
    RTCAlarm_IRQHandler                      0x08000107   Thumb Code     0  startup_stm32f10x_md.o(.text)
    RTC_IRQHandler                           0x08000107   Thumb Code     0  startup_stm32f10x_md.o(.text)
    SPI1_IRQHandler                          0x08000107   Thumb Code     0  startup_stm32f10x_md.o(.text)
    SPI2_IRQHandler                          0x08000107   Thumb Code     0  startup_stm32f10x_md.o(.text)
    TAMPER_IRQHandler                        0x08000107   Thumb Code     0  startup_stm32f10x_md.o(.text)
    TIM1_BRK_IRQHandler                      0x08000107   Thumb Code     0  startup_stm32f10x_md.o(.text)
    TIM1_CC_IRQHandler                       0x08000107   Thumb Code     0  startup_stm32f10x_md.o(.text)
    TIM1_TRG_COM_IRQHandler                  0x08000107   Thumb Code     0  startup_stm32f10x_md.o(.text)
    TIM1_UP_IRQHandler                       0x08000107   Thumb Code     0  startup_stm32f10x_md.o(.text)
    TIM2_IRQHandler                          0x08000107   Thumb Code     0  startup_stm32f10x_md.o(.text)
    TIM3_IRQHandler                          0x08000107   Thumb Code     0  startup_stm32f10x_md.o(.text)
    TIM4_IRQHandler                          0x08000107   Thumb Code     0  startup_stm32f10x_md.o(.text)
    USART1_IRQHandler                        0x08000107   Thumb Code     0  startup_stm32f10x_md.o(.text)
    USART2_IRQHandler                        0x08000107   Thumb Code     0  startup_stm32f10x_md.o(.text)
    USART3_IRQHandler                        0x08000107   Thumb Code     0  startup_stm32f10x_md.o(.text)
    USBWakeUp_IRQHandler                     0x08000107   Thumb Code     0  startup_stm32f10x_md.o(.text)
    USB_HP_CAN1_TX_IRQHandler                0x08000107   Thumb Code     0  startup_stm32f10x_md.o(.text)
    USB_LP_CAN1_RX0_IRQHandler               0x08000107   Thumb Code     0  startup_stm32f10x_md.o(.text)
    WWDG_IRQHandler                          0x08000107   Thumb Code     0  startup_stm32f10x_md.o(.text)
    __user_initial_stackheap                 0x08000109   Thumb Code     0  startup_stm32f10x_md.o(.text)
    __use_two_region_memory                  0x0800012d   Thumb Code     2  heapauxi.o(.text)
    __rt_heap_escrow$2region                 0x0800012f   Thumb Code     2  heapauxi.o(.text)
    __rt_heap_expand$2region                 0x08000131   Thumb Code     2  heapauxi.o(.text)
    SystemInit                               0x08000261   Thumb Code   102  system_stm32f10x.o(.text.SystemInit)
    __main                                   0x08000b1d   Thumb Code    84  mainmenu.o(MainMenu)



==============================================================================

Memory Map of the image

  Image Entry point : 0x080000ed

  Load Region LR_1 (Base: 0x08000000, Size: 0x000032a4, Max: 0xffffffff, ABSOLUTE)

    Execution Region ER_RO (Exec base: 0x08000000, Load base: 0x08000000, Size: 0x000031c8, Max: 0xffffffff, ABSOLUTE)

    Exec Addr    Load Addr    Size         Type   Attr      Idx    E Section Name        Object

    0x08000000   0x08000000   0x000000ec   Data   RO           45    RESET               startup_stm32f10x_md.o
    0x080000ec   0x080000ec   0x00000040   Code   RO           46  * .text               startup_stm32f10x_md.o
    0x0800012c   0x0800012c   0x00000006   Code   RO           69    .text               c_w.l(heapauxi.o)
    0x08000132   0x08000132   0x00000002   PAD
    0x08000134   0x08000134   0x00000008   Code   RO           53    .text.SetSysClock   system_stm32f10x.o
    0x0800013c   0x0800013c   0x00000122   Code   RO           57    .text.SetSysClockTo72  system_stm32f10x.o
    0x0800025e   0x0800025e   0x00000002   PAD
    0x08000260   0x08000260   0x00000066   Code   RO           51    .text.SystemInit    system_stm32f10x.o
    0x080002c6   0x080002c6   0x00000002   PAD
    0x080002c8   0x080002c8   0x000008f0   Code   RO           15  * MainMenu            mainmenu.o
    0x08000bb8   0x08000bb8   0x00000378   Code   RO           12    defs                mainmenu.o
    0x08000f30   0x08000f30   0x00001160   Code   RO           14    dwarf               mainmenu.o
    0x08002090   0x08002090   0x00001138   Code   RO           13    snake               mainmenu.o


    Execution Region ER_RW (Exec base: 0x20000000, Load base: 0x080031c8, Size: 0x000000dc, Max: 0xffffffff, ABSOLUTE)

    Exec Addr    Load Addr    Size         Type   Attr      Idx    E Section Name        Object

    0x20000000   0x080031c8   0x000000dc   Data   RW           11    MYDATA              mainmenu.o


    Execution Region ER_ZI (Exec base: 0x200000e0, Load base: 0x080032a4, Size: 0x00000600, Max: 0xffffffff, ABSOLUTE)

    Exec Addr    Load Addr    Size         Type   Attr      Idx    E Section Name        Object

    0x200000e0        -       0x00000200   Zero   RW           44    HEAP                startup_stm32f10x_md.o
    0x200002e0        -       0x00000400   Zero   RW           43    STACK               startup_stm32f10x_md.o


==============================================================================

Image component sizes


      Code (inc. data)   RO Data    RW Data    ZI Data      Debug   Object Name

     12032        368          0        220          0       4956   mainmenu.o
         0          0          0          0          0         32   snakegame.o
        64         26        236          0       1536        800   startup_stm32f10x_md.o
       400          0          0          0          0       2790   system_stm32f10x.o

    ----------------------------------------------------------------------
     12500        394        236        220       1536       8578   Object Totals
         0          0          0          0          0          0   (incl. Generated)
         4          0          0          0          0          0   (incl. Padding)

    ----------------------------------------------------------------------

      Code (inc. data)   RO Data    RW Data    ZI Data      Debug   Library Member Name

         6          0          0          0          0        152   heapauxi.o

    ----------------------------------------------------------------------
         8          0          0          0          0        152   Library Totals
         2          0          0          0          0          0   (incl. Padding)

    ----------------------------------------------------------------------

      Code (inc. data)   RO Data    RW Data    ZI Data      Debug   Library Name

         6          0          0          0          0        152   c_w.l

    ----------------------------------------------------------------------
         8          0          0          0          0        152   Library Totals

    ----------------------------------------------------------------------

==============================================================================


      Code (inc. data)   RO Data    RW Data    ZI Data      Debug   

     12508        394        236        220       1536       8574   Grand Totals
     12508        394        236        220       1536       8574   ELF Image Totals
     12508        394        236        220          0          0   ROM Totals

==============================================================================

    Total RO  Size (Code + RO Data)                12744 (  12.45kB)
    Total RW  Size (RW Data + ZI Data)              1756 (   1.71kB)
    Total ROM Size (Code + RO Data + RW Data)      12964 (  12.66kB)

==============================================================================

